---
source: src/middleware/trace_extractor.rs
expression: "events[event_idx]"
---
fields:
  message: new
level: INFO
span:
  http.client_ip: 127.0.0.1
  http.flavor: "1.1"
  http.host: ""
  http.method: GET
  http.route: "/users/:id"
  http.scheme: HTTP
  http.target: /users/123
  http.user_agent: tests
  name: HTTP request
  otel.kind: server
  otel.name: "GET /users/:id"
  trace_id: "[trace_id:lg32]"
spans: []
target: "axum_tracing_opentelemetry::middleware::trace_extractor"
timestamp: "[timestamp]"

